
============================================================
LSTM +1h
============================================================
  Train: 16826, Val: 4207, Test: 5223
  Features: 20, Seq len: 48, Horizon: 1h
  Epoch   1/150: train_loss=6049.3425, val_loss=4617.8998
  Epoch  10/150: train_loss=579.8268, val_loss=616.7005
  Epoch  20/150: train_loss=235.9980, val_loss=319.0364
  Epoch  30/150: train_loss=172.6565, val_loss=307.7343
  Epoch  40/150: train_loss=128.6587, val_loss=303.9651
  Epoch  50/150: train_loss=101.0017, val_loss=342.6717
  Early stopping at epoch 51
  Train time: 1299.9s
  Test RMSE=17.24, MAE=9.54, MAPE=20.9%
  Predictions saved: /Users/linmengyuan/Desktop/github/DataAnalyse-2/outputs/hourly/lstm_predictions_h1.csv
  Model saved: /Users/linmengyuan/Desktop/github/DataAnalyse-2/outputs/hourly/lstm_h1.pkl

Metrics saved: /Users/linmengyuan/Desktop/github/DataAnalyse-2/outputs/hourly/lstm_metrics.csv
Training history saved: /Users/linmengyuan/Desktop/github/DataAnalyse-2/outputs/hourly/lstm_train_history.json

============================================================
LSTM Summary
============================================================
  +1h: RMSE=17.24, MAE=9.54, MAPE=20.9%
