Collecting torch
  Using cached torch-2.8.0-cp39-none-macosx_11_0_arm64.whl.metadata (30 kB)
Collecting filelock (from torch)
  Using cached filelock-3.19.1-py3-none-any.whl.metadata (2.1 kB)
Requirement already satisfied: typing-extensions>=4.10.0 in ./.venv/lib/python3.9/site-packages (from torch) (4.15.0)
Collecting sympy>=1.13.3 (from torch)
  Using cached sympy-1.14.0-py3-none-any.whl.metadata (12 kB)
Collecting networkx (from torch)
  Using cached networkx-3.2.1-py3-none-any.whl.metadata (5.2 kB)
Requirement already satisfied: jinja2 in ./.venv/lib/python3.9/site-packages (from torch) (3.1.6)
Collecting fsspec (from torch)
  Using cached fsspec-2025.10.0-py3-none-any.whl.metadata (10 kB)
Collecting mpmath<1.4,>=1.1.0 (from sympy>=1.13.3->torch)
  Using cached mpmath-1.3.0-py3-none-any.whl.metadata (8.6 kB)
Requirement already satisfied: MarkupSafe>=2.0 in ./.venv/lib/python3.9/site-packages (from jinja2->torch) (3.0.3)
WARNING: Retrying (Retry(total=4, connect=None, read=None, redirect=None, status=None)) after connection broken by 'ProtocolError('Connection aborted.', ConnectionResetError(54, 'Connection reset by peer'))': /packages/ae/95/ae26263aceb3d57b821179f827d0e321373ed49423e603dd5906ab14a730/torch-2.8.0-cp39-none-macosx_11_0_arm64.whl
WARNING: Retrying (Retry(total=3, connect=None, read=None, redirect=None, status=None)) after connection broken by 'ProtocolError('Connection aborted.', ConnectionResetError(54, 'Connection reset by peer'))': /packages/ae/95/ae26263aceb3d57b821179f827d0e321373ed49423e603dd5906ab14a730/torch-2.8.0-cp39-none-macosx_11_0_arm64.whl
WARNING: Retrying (Retry(total=2, connect=None, read=None, redirect=None, status=None)) after connection broken by 'ProtocolError('Connection aborted.', ConnectionResetError(54, 'Connection reset by peer'))': /packages/ae/95/ae26263aceb3d57b821179f827d0e321373ed49423e603dd5906ab14a730/torch-2.8.0-cp39-none-macosx_11_0_arm64.whl
Downloading torch-2.8.0-cp39-none-macosx_11_0_arm64.whl (73.6 MB)
   ━━━━━━━━━━━━━━━━━━━━━━━━━━━━━━━━━━━━━━━━ 73.6/73.6 MB 767.5 kB/s  0:00:53
Downloading sympy-1.14.0-py3-none-any.whl (6.3 MB)
   ━━━━━━━━━━━━━━━━━━━━━━━━━━━━━━━━━━━━━━━━ 6.3/6.3 MB 913.6 kB/s  0:00:06
Downloading mpmath-1.3.0-py3-none-any.whl (536 kB)
   ━━━━━━━━━━━━━━━━━━━━━━━━━━━━━━━━━━━━━━━━ 536.2/536.2 kB 1.3 MB/s  0:00:00
Downloading filelock-3.19.1-py3-none-any.whl (15 kB)
Downloading fsspec-2025.10.0-py3-none-any.whl (200 kB)
Downloading networkx-3.2.1-py3-none-any.whl (1.6 MB)
   ━━━━━━━━━━━━━━━━━━━━━━━━━━━━━━━━━━━━━━━━ 1.6/1.6 MB 1.5 MB/s  0:00:01
Installing collected packages: mpmath, sympy, networkx, fsspec, filelock, torch

Successfully installed filelock-3.19.1 fsspec-2025.10.0 mpmath-1.3.0 networkx-3.2.1 sympy-1.14.0 torch-2.8.0
